\BOOKMARK [0][-]{section*.2}{\376\377\000S\000t\000r\000u\000c\000t\000u\000r\000e\000-\000p\000r\000e\000s\000e\000r\000v\000i\000n\000g\000\040\000p\000h\000y\000s\000i\000c\000s\000-\000i\000n\000f\000o\000r\000m\000e\000d\000\040\000l\000e\000a\000r\000n\000i\000n\000g\000\040\000o\000f\000\040\000o\000p\000e\000n\000\040\000q\000u\000a\000n\000t\000u\000m\000\040\000d\000y\000n\000a\000m\000i\000c\000s\000\040\000w\000i\000t\000h\000\040\000s\000p\000e\000c\000t\000r\000a\000l\000-\000f\000r\000a\000m\000e\000\040\000e\000n\000c\000o\000d\000i\000n\000g\000s\000\040\000a\000n\000d\000\040\000o\000p\000e\000r\000a\000t\000o\000r\000-\000s\000y\000s\000t\000e\000m\000\040\000t\000r\000u\000n\000c\000a\000t\000i\000o\000n}{}% 2
\BOOKMARK [1][-]{section*.1}{\376\377\000A\000b\000s\000t\000r\000a\000c\000t}{section*.2}% 1
\BOOKMARK [1][-]{section*.3}{\376\377\000I\000n\000t\000r\000o\000d\000u\000c\000t\000i\000o\000n}{section*.2}% 3
\BOOKMARK [1][-]{section*.4}{\376\377\000S\000t\000r\000u\000c\000t\000u\000r\000e\000-\000p\000r\000e\000s\000e\000r\000v\000i\000n\000g\000\040\000f\000r\000a\000m\000e\000w\000o\000r\000k}{section*.2}% 4
\BOOKMARK [2][-]{section*.5}{\376\377\000H\000a\000r\000d\000-\000c\000o\000n\000s\000t\000r\000a\000i\000n\000e\000d\000\040\000d\000e\000n\000s\000i\000t\000y\000\040\000p\000a\000r\000a\000m\000e\000t\000e\000r\000i\000z\000a\000t\000i\000o\000n}{section*.4}% 5
\BOOKMARK [2][-]{section*.6}{\376\377\000S\000p\000e\000c\000t\000r\000a\000l\000-\000f\000r\000a\000m\000e\000\040\000e\000i\000g\000e\000n\000-\000o\000p\000e\000r\000a\000t\000o\000r\000\040\000p\000a\000r\000a\000m\000e\000t\000e\000r\000i\000z\000a\000t\000i\000o\000n}{section*.4}% 6
\BOOKMARK [2][-]{section*.7}{\376\377\000C\000o\000m\000p\000l\000e\000t\000e\000l\000y\000-\000p\000o\000s\000i\000t\000i\000v\000e\000\040\000g\000e\000n\000e\000r\000a\000t\000o\000r\000\040\000p\000a\000r\000a\000m\000e\000t\000e\000r\000i\000z\000a\000t\000i\000o\000n}{section*.4}% 7
\BOOKMARK [2][-]{section*.8}{\376\377\000P\000h\000y\000s\000i\000c\000s\000-\000i\000n\000f\000o\000r\000m\000e\000d\000\040\000o\000b\000j\000e\000c\000t\000i\000v\000e\000\040\000a\000n\000d\000\040\000m\000a\000t\000r\000i\000x\000-\000f\000r\000e\000e\000\040\000c\000o\000m\000p\000i\000l\000e\000r}{section*.4}% 8
\BOOKMARK [1][-]{section*.9}{\376\377\000T\000h\000e\000o\000r\000e\000t\000i\000c\000a\000l\000\040\000g\000u\000a\000r\000a\000n\000t\000e\000e\000s}{section*.2}% 9
\BOOKMARK [1][-]{section*.10}{\376\377\000S\000i\000m\000u\000l\000a\000t\000i\000o\000n\000s\000\040\000a\000n\000d\000\040\000r\000e\000s\000u\000l\000t\000s}{section*.2}% 10
\BOOKMARK [2][-]{section*.11}{\376\377\000H\000a\000r\000d\000\040\000c\000o\000n\000s\000t\000r\000a\000i\000n\000t\000s\000\040\000v\000e\000r\000s\000u\000s\000\040\000s\000o\000f\000t\000\040\000p\000e\000n\000a\000l\000t\000i\000e\000s}{section*.10}% 11
\BOOKMARK [2][-]{section*.12}{\376\377\000S\000i\000n\000g\000l\000e\000-\000q\000u\000b\000i\000t\000\040\000s\000y\000s\000t\000e\000m\000\040\000i\000d\000e\000n\000t\000i\000f\000i\000c\000a\000t\000i\000o\000n}{section*.10}% 12
\BOOKMARK [2][-]{section*.13}{\376\377\000R\000o\000b\000u\000s\000t\000n\000e\000s\000s\000\040\000u\000n\000d\000e\000r\000\040\000s\000p\000a\000r\000s\000e\000\040\000m\000e\000a\000s\000u\000r\000e\000m\000e\000n\000t\000s}{section*.10}% 13
\BOOKMARK [2][-]{section*.14}{\376\377\000S\000p\000e\000c\000t\000r\000a\000l\000-\000f\000r\000a\000m\000e\000\040\000r\000e\000c\000o\000n\000s\000t\000r\000u\000c\000t\000i\000o\000n\000\040\000o\000f\000\040\000f\000a\000s\000t\000\040\000q\000u\000t\000r\000i\000t\000\040\000l\000e\000a\000k\000a\000g\000e\000\040\000d\000y\000n\000a\000m\000i\000c\000s}{section*.10}% 14
\BOOKMARK [2][-]{section*.15}{\376\377\000A\000\040\000t\000r\000a\000n\000s\000f\000e\000r\000a\000b\000l\000e\000\040\000t\000w\000o\000-\000q\000u\000b\000i\000t\000\040\000d\000i\000s\000s\000i\000p\000a\000t\000i\000v\000e\000\040\000g\000a\000t\000e}{section*.10}% 15
\BOOKMARK [2][-]{section*.16}{\376\377\000M\000a\000t\000r\000i\000x\000-\000f\000r\000e\000e\000\040\000c\000o\000m\000p\000i\000l\000e\000r\000\040\000s\000c\000a\000l\000i\000n\000g}{section*.10}% 16
\BOOKMARK [2][-]{section*.17}{\376\377\000O\000p\000e\000r\000a\000t\000o\000r\000-\000s\000y\000s\000t\000e\000m\000\040\000s\000p\000e\000c\000t\000r\000a\000l\000\040\000t\000r\000u\000n\000c\000a\000t\000i\000o\000n\000\040\000o\000f\000\040\000t\000h\000e\000\040\000g\000e\000n\000e\000r\000a\000t\000o\000r}{section*.10}% 17
\BOOKMARK [1][-]{section*.18}{\376\377\000D\000i\000s\000c\000u\000s\000s\000i\000o\000n\000\040\000a\000n\000d\000\040\000c\000o\000n\000c\000l\000u\000s\000i\000o\000n}{section*.2}% 18
\BOOKMARK [2][-]{section*.19}{\376\377\000L\000i\000m\000i\000t\000a\000t\000i\000o\000n\000s}{section*.18}% 19
\BOOKMARK [1][-]{section*.20}{\376\377\000A\000c\000k\000n\000o\000w\000l\000e\000d\000g\000m\000e\000n\000t\000s}{section*.2}% 20
\BOOKMARK [1][-]{section*.21}{\376\377\000D\000a\000t\000a\000\040\000a\000n\000d\000\040\000c\000o\000d\000e\000\040\000a\000v\000a\000i\000l\000a\000b\000i\000l\000i\000t\000y}{section*.2}% 21
\BOOKMARK [1][-]{section*.22}{\376\377\000G\000K\000S\000L\000\040\000d\000y\000n\000a\000m\000i\000c\000s\000\040\000a\000n\000d\000\040\000t\000h\000e\000\040\000d\000e\000n\000s\000e\000\040\000L\000i\000o\000u\000v\000i\000l\000l\000i\000a\000n}{section*.2}% 22
\BOOKMARK [1][-]{section*.23}{\376\377\000G\000e\000n\000e\000r\000a\000t\000o\000r\000\040\000p\000a\000r\000a\000m\000e\000t\000e\000r\000i\000z\000a\000t\000i\000o\000n}{section*.2}% 23
\BOOKMARK [1][-]{section*.24}{\376\377\000O\000b\000s\000e\000r\000v\000a\000t\000i\000o\000n\000\040\000m\000o\000d\000e\000l\000\040\000a\000n\000d\000\040\000l\000o\000s\000s}{section*.2}% 24
\BOOKMARK [1][-]{section*.25}{\376\377\000S\000p\000e\000c\000t\000r\000a\000l\000-\000f\000r\000a\000m\000e\000\040\000p\000a\000r\000a\000m\000e\000t\000e\000r\000i\000z\000a\000t\000i\000o\000n\000\040\000a\000n\000d\000\040\000i\000n\000t\000e\000r\000a\000c\000t\000i\000o\000n\000-\000p\000i\000c\000t\000u\000r\000e\000\040\000r\000e\000s\000i\000d\000u\000a\000l}{section*.2}% 25
\BOOKMARK [1][-]{section*.26}{\376\377\000O\000p\000e\000r\000a\000t\000o\000r\000-\000s\000y\000s\000t\000e\000m\000\040\000s\000p\000e\000c\000t\000r\000a\000l\000\040\000t\000r\000u\000n\000c\000a\000t\000i\000o\000n}{section*.2}% 26
\BOOKMARK [1][-]{section*.27}{\376\377\000I\000n\000t\000e\000r\000m\000e\000d\000i\000a\000t\000e\000\040\000r\000e\000p\000r\000e\000s\000e\000n\000t\000a\000t\000i\000o\000n\000,\000\040\000d\000i\000s\000p\000a\000t\000c\000h\000,\000\040\000a\000n\000d\000\040\000a\000l\000g\000o\000r\000i\000t\000h\000m\000s}{section*.2}% 27
\BOOKMARK [1][-]{section*.28}{\376\377\000P\000r\000o\000o\000f\000s}{section*.2}% 28
\BOOKMARK [1][-]{section*.29}{\376\377\000S\000e\000n\000s\000i\000t\000i\000v\000i\000t\000y\000\040\000e\000q\000u\000a\000t\000i\000o\000n\000s\000\040\000a\000n\000d\000\040\000l\000o\000w\000-\000r\000a\000n\000k\000\040\000v\000a\000r\000i\000a\000n\000t\000s}{section*.2}% 29
\BOOKMARK [1][-]{section*.30}{\376\377\000E\000x\000p\000e\000r\000i\000m\000e\000n\000t\000a\000l\000\040\000i\000m\000p\000l\000e\000m\000e\000n\000t\000a\000t\000i\000o\000n\000\040\000d\000e\000t\000a\000i\000l\000s}{section*.2}% 30
\BOOKMARK [1][-]{section*.31}{\376\377\000E\000x\000t\000e\000n\000d\000e\000d\000\040\000d\000a\000t\000a}{section*.2}% 31
\BOOKMARK [1][-]{section*.32}{\376\377\000G\000a\000u\000g\000e\000\040\000f\000r\000e\000e\000d\000o\000m\000,\000\040\000f\000a\000i\000l\000u\000r\000e\000\040\000m\000o\000d\000e\000s\000,\000\040\000a\000n\000d\000\040\000d\000i\000a\000g\000n\000o\000s\000t\000i\000c\000s}{section*.2}% 32
\BOOKMARK [1][-]{section*.33}{\376\377\000A\000c\000c\000e\000l\000e\000r\000a\000t\000o\000r\000-\000a\000w\000a\000r\000e\000\040\000i\000m\000p\000l\000e\000m\000e\000n\000t\000a\000t\000i\000o\000n}{section*.2}% 33
\BOOKMARK [1][-]{section*.34}{\376\377\000R\000e\000p\000r\000o\000d\000u\000c\000i\000b\000i\000l\000i\000t\000y}{section*.2}% 34
\BOOKMARK [1][-]{section*.35}{\376\377\000R\000e\000f\000e\000r\000e\000n\000c\000e\000s}{section*.2}% 35
